[2026-09-01T06:12:02.129+0000] {local_task_job_runner.py:120} INFO - ::group::Pre task execution logs
[2026-09-01T06:12:02.137+0000] {taskinstance.py:2076} INFO - Dependencies all met for dep_context=non-requeueable deps ti=<TaskInstance: nursing_pipeline.clean manual__2026-09-01T06:11:57+00:00 [queued]>
[2026-09-01T06:12:02.139+0000] {taskinstance.py:2076} INFO - Dependencies all met for dep_context=requeueable deps ti=<TaskInstance: nursing_pipeline.clean manual__2026-09-01T06:11:57+00:00 [queued]>
[2026-09-01T06:12:02.139+0000] {taskinstance.py:2306} INFO - Starting attempt 1 of 1
[2026-09-01T06:12:02.143+0000] {taskinstance.py:2330} INFO - Executing <Task(BashOperator): clean> on 2026-09-01 06:11:57+00:00
[2026-09-01T06:12:02.144+0000] {standard_task_runner.py:64} INFO - Started process 228 to run task
[2026-09-01T06:12:02.146+0000] {standard_task_runner.py:90} INFO - Running: ['airflow', 'tasks', 'run', 'nursing_pipeline', 'clean', 'manual__2026-09-01T06:11:57+00:00', '--job-id', '6', '--raw', '--subdir', 'DAGS_FOLDER/nursing_pipeline.py', '--cfg-path', '/tmp/tmp1lcu4y4i']
[2026-09-01T06:12:02.146+0000] {standard_task_runner.py:91} INFO - Job 6: Subtask clean
[2026-09-01T06:12:02.158+0000] {task_command.py:426} INFO - Running <TaskInstance: nursing_pipeline.clean manual__2026-09-01T06:11:57+00:00 [running]> on host dd49f84442b1
[2026-09-01T06:12:02.180+0000] {taskinstance.py:2648} INFO - Exporting env vars: AIRFLOW_CTX_DAG_OWNER='airflow' AIRFLOW_CTX_DAG_ID='nursing_pipeline' AIRFLOW_CTX_TASK_ID='clean' AIRFLOW_CTX_EXECUTION_DATE='2026-09-01T06:11:57+00:00' AIRFLOW_CTX_TRY_NUMBER='1' AIRFLOW_CTX_DAG_RUN_ID='manual__2026-09-01T06:11:57+00:00'
[2026-09-01T06:12:02.180+0000] {taskinstance.py:430} INFO - ::endgroup::
[2026-09-01T06:12:02.185+0000] {subprocess.py:63} INFO - Tmp dir root location: /tmp
[2026-09-01T06:12:02.185+0000] {subprocess.py:75} INFO - Running command: ['/usr/bin/bash', '-c', 'python src/clean.py']
[2026-09-01T06:12:02.191+0000] {subprocess.py:86} INFO - Output:
[2026-09-01T06:12:02.245+0000] {subprocess.py:93} INFO - Raw jobs: 190
[2026-09-01T06:12:02.245+0000] {subprocess.py:93} INFO - Cleaned Jobs: 33
[2026-09-01T06:12:02.245+0000] {subprocess.py:93} INFO - Saved to data/cleaned/uhn_jobs.json
[2026-09-01T06:12:02.247+0000] {subprocess.py:97} INFO - Command exited with return code 0
[2026-09-01T06:12:02.247+0000] {taskinstance.py:441} INFO - ::group::Post task execution logs
[2026-09-01T06:12:02.253+0000] {taskinstance.py:1206} INFO - Marking task as SUCCESS. dag_id=nursing_pipeline, task_id=clean, run_id=manual__2026-09-01T06:11:57+00:00, execution_date=20260901T061157, start_date=20260901T061202, end_date=20260901T061202
[2026-09-01T06:12:02.284+0000] {local_task_job_runner.py:243} INFO - Task exited with return code 0
[2026-09-01T06:12:02.291+0000] {taskinstance.py:3503} INFO - 1 downstream tasks scheduled from follow-on schedule check
[2026-09-01T06:12:02.292+0000] {local_task_job_runner.py:222} INFO - ::endgroup::
