[2026-09-01T06:12:04.718+0000] {local_task_job_runner.py:120} INFO - ::group::Pre task execution logs
[2026-09-01T06:12:04.727+0000] {taskinstance.py:2076} INFO - Dependencies all met for dep_context=non-requeueable deps ti=<TaskInstance: nursing_pipeline.load manual__2026-09-01T06:11:57+00:00 [queued]>
[2026-09-01T06:12:04.729+0000] {taskinstance.py:2076} INFO - Dependencies all met for dep_context=requeueable deps ti=<TaskInstance: nursing_pipeline.load manual__2026-09-01T06:11:57+00:00 [queued]>
[2026-09-01T06:12:04.729+0000] {taskinstance.py:2306} INFO - Starting attempt 1 of 1
[2026-09-01T06:12:04.733+0000] {taskinstance.py:2330} INFO - Executing <Task(BashOperator): load> on 2026-09-01 06:11:57+00:00
[2026-09-01T06:12:04.734+0000] {standard_task_runner.py:64} INFO - Started process 252 to run task
[2026-09-01T06:12:04.736+0000] {standard_task_runner.py:90} INFO - Running: ['airflow', 'tasks', 'run', 'nursing_pipeline', 'load', 'manual__2026-09-01T06:11:57+00:00', '--job-id', '8', '--raw', '--subdir', 'DAGS_FOLDER/nursing_pipeline.py', '--cfg-path', '/tmp/tmpn_aay96n']
[2026-09-01T06:12:04.737+0000] {standard_task_runner.py:91} INFO - Job 8: Subtask load
[2026-09-01T06:12:04.749+0000] {task_command.py:426} INFO - Running <TaskInstance: nursing_pipeline.load manual__2026-09-01T06:11:57+00:00 [running]> on host dd49f84442b1
[2026-09-01T06:12:04.771+0000] {taskinstance.py:2648} INFO - Exporting env vars: AIRFLOW_CTX_DAG_OWNER='airflow' AIRFLOW_CTX_DAG_ID='nursing_pipeline' AIRFLOW_CTX_TASK_ID='load' AIRFLOW_CTX_EXECUTION_DATE='2026-09-01T06:11:57+00:00' AIRFLOW_CTX_TRY_NUMBER='1' AIRFLOW_CTX_DAG_RUN_ID='manual__2026-09-01T06:11:57+00:00'
[2026-09-01T06:12:04.771+0000] {taskinstance.py:430} INFO - ::endgroup::
[2026-09-01T06:12:04.776+0000] {subprocess.py:63} INFO - Tmp dir root location: /tmp
[2026-09-01T06:12:04.776+0000] {subprocess.py:75} INFO - Running command: ['/usr/bin/bash', '-c', 'python src/load.py']
[2026-09-01T06:12:04.779+0000] {subprocess.py:86} INFO - Output:
[2026-09-01T06:12:04.846+0000] {subprocess.py:93} INFO - Jobs to load: 33
[2026-09-01T06:12:04.846+0000] {subprocess.py:93} INFO - Jobs loaded.
[2026-09-01T06:12:04.850+0000] {subprocess.py:97} INFO - Command exited with return code 0
[2026-09-01T06:12:04.850+0000] {taskinstance.py:441} INFO - ::group::Post task execution logs
[2026-09-01T06:12:04.855+0000] {taskinstance.py:1206} INFO - Marking task as SUCCESS. dag_id=nursing_pipeline, task_id=load, run_id=manual__2026-09-01T06:11:57+00:00, execution_date=20260901T061157, start_date=20260901T061204, end_date=20260901T061204
[2026-09-01T06:12:04.869+0000] {local_task_job_runner.py:243} INFO - Task exited with return code 0
[2026-09-01T06:12:04.873+0000] {taskinstance.py:3503} INFO - 0 downstream tasks scheduled from follow-on schedule check
[2026-09-01T06:12:04.873+0000] {local_task_job_runner.py:222} INFO - ::endgroup::
